45 contracts: Counter({'purchase': 8, 'security': 8, 'shareholder': 7, 'lease': 7, 'services': 6, 'other': 5, 'employment': 4})
FAILED 1332572/000109690612002289/barossa8kexh101.htm HTTPSConnectionPool(host='api.fireworks.ai', port=443): Read timed out. (read timeout=120)
FAILED 835541/000095013405007459/f07479exv10w2.htm HTTPSConnectionPool(host='api.fireworks.ai', port=443): Read timed out. (read timeout=120)
FAILED 1088162/000089843002003556/dex21.htm HTTPSConnectionPool(host='api.fireworks.ai', port=443): Read timed out. (read timeout=120)
FAILED 701719/000101054907000029/dgse8kex994010907.txt HTTPSConnectionPool(host='api.fireworks.ai', port=443): Read timed out. (read timeout=120)
FAILED 1017022/000095012306004405/y19586exv10w4.txt HTTPSConnectionPool(host='api.fireworks.ai', port=443): Read timed out. (read timeout=120)
FAILED 1320760/000114420411062217/v239723_ex99-2.htm HTTPSConnectionPool(host='api.fireworks.ai', port=443): Read timed out. (read timeout=120)
FAILED 1641197/000114420415047804/v417555_ex10-4.htm HTTPSConnectionPool(host='api.fireworks.ai', port=443): Read timed out. (read timeout=120)
FAILED 1435375/000161577418002279/s109452_ex10-5.htm HTTPSConnectionPool(host='api.fireworks.ai', port=443): Read timed out. (read timeout=120)
FAILED 1056794/000089161803005962/f94625exv10w6.txt HTTPSConnectionPool(host='api.fireworks.ai', port=443): Read timed out. (read timeout=120)
FAILED 1530721/000119312515201923/d900571dex1019.htm HTTPSConnectionPool(host='api.fireworks.ai', port=443): Read timed out. (read timeout=120)
FAILED 1289592/000115752306003356/a5117761ex10-06.txt HTTPSConnectionPool(host='api.fireworks.ai', port=443): Read timed out. (read timeout=120)
FAILED 1468010/000146801013000103/ex1011villasathuffmeister-.htm HTTPSConnectionPool(host='api.fireworks.ai', port=443): Read timed out. (read timeout=120)
FAILED 744825/000095014903001170/f90197exv10w42.txt HTTPSConnectionPool(host='api.fireworks.ai', port=443): Read timed out. (read timeout=120)
FAILED 1401106/000119312511032883/dex1010.htm HTTPSConnectionPool(host='api.fireworks.ai', port=443): Read timed out. (read timeout=120)
FAILED 783325/000010781501000007/0000107815-01-000007-0007.txt HTTPSConnectionPool(host='api.fireworks.ai', port=443): Read timed out. (read timeout=120)
FAILED 849116/000095013403000857/d02599exv10w1.txt HTTPSConnectionPool(host='api.fireworks.ai', port=443): Read timed out. (read timeout=120)
FAILED 1424812/000114420412069369/v330816_ex10-01.htm HTTPSConnectionPool(host='api.fireworks.ai', port=443): Read timed out. (read timeout=120)
FAILED 904080/000095012906004459/h35465exv99w1.htm HTTPSConnectionPool(host='api.fireworks.ai', port=443): Read timed out. (read timeout=120)
FAILED 1119664/000090956706001371/o32374exv10w16.htm HTTPSConnectionPool(host='api.fireworks.ai', port=443): Read timed out. (read timeout=120)
FAILED 52827/000005282720000011/q4201910k2019ex1018.htm HTTPSConnectionPool(host='api.fireworks.ai', port=443): Read timed out. (read timeout=120)
FAILED 1439981/000113705012000001/exhibit101rentalagreement.htm HTTPSConnectionPool(host='api.fireworks.ai', port=443): Read timed out. (read timeout=120)
FAILED 1064648/000104264502000119/loudeye8kexh2-5.htm HTTPSConnectionPool(host='api.fireworks.ai', port=443): Read timed out. (read timeout=120)
FAILED 1835747/000114036121002535/brhc10019471_ex10-5.htm HTTPSConnectionPool(host='api.fireworks.ai', port=443): Read timed out. (read timeout=120)
{'written': 528, 'disagree yes->None': 106, 'disagree no->None': 74, 'disagree not_stated->None': 96, 'kept': 185, 'quote not found': 44, 'disagree yes->no': 1, 'disagree not_stated->yes': 6, 'disagree not_stated->no': 5, 'disagree no->not_stated': 5, 'disagree no->yes': 5, 'disagree yes->not_stated': 1}
kept by half/gold: Counter({('sealed', 'not_stated'): 58, ('sealed', 'yes'): 47, ('open', 'not_stated'): 24, ('sealed', 'no'): 21, ('open', 'yes'): 21, ('open', 'no'): 14})
