/root/projects/zadumai/.venv/lib/python3.12/site-packages/torch/jit/_script.py:1491: FutureWarning: `torch.jit.script` is deprecated. Please switch to `torch.compile` or `torch.export`.
  warnings.warn(
Loading weights:   0%|          | 0/202 [00:00<?, ?it/s]Loading weights: 100%|██████████| 202/202 [00:00<00:00, 11204.19it/s]
Warning: You are sending unauthenticated requests to the HF Hub. Please set a HF_TOKEN to enable higher rate limits and faster downloads.
Loading weights:   0%|          | 0/199 [00:00<?, ?it/s]Loading weights: 100%|██████████| 199/199 [00:00<00:00, 11038.23it/s]
  100/1700 (40s)
  200/1700 (85s)
  300/1700 (126s)
  400/1700 (169s)
  500/1700 (218s)
  600/1700 (258s)
  700/1700 (312s)
  800/1700 (362s)
  900/1700 (404s)
  1000/1700 (445s)
  1100/1700 (505s)
  1200/1700 (547s)
  1300/1700 (582s)
  1400/1700 (631s)
  1500/1700 (682s)
  1600/1700 (742s)
  1700/1700 (784s)
today     answered 188/1700 = 11.1%, right 182/188 = 96.8% [lo 0.932]
pipeline  answered 378/1700 = 22.2%, right 351/378 = 92.9% [lo 0.898]
  by path: {'pt0': '182/188', 'net-located': '157/177', 'pt0-located': '12/13'}
  gold: {'not_stated': 679, 'no': 285, 'yes': 736}
