/root/projects/zadumai/.venv/lib/python3.12/site-packages/torch/jit/_script.py:1491: FutureWarning: `torch.jit.script` is deprecated. Please switch to `torch.compile` or `torch.export`.
  warnings.warn(
Loading weights:   0%|          | 0/202 [00:00<?, ?it/s]Loading weights: 100%|██████████| 202/202 [00:00<00:00, 12234.83it/s]
Warning: You are sending unauthenticated requests to the HF Hub. Please set a HF_TOKEN to enable higher rate limits and faster downloads.
Loading weights:   0%|          | 0/199 [00:00<?, ?it/s]Loading weights: 100%|██████████| 199/199 [00:00<00:00, 12000.27it/s]
  100/1700 (41s)
  200/1700 (76s)
  300/1700 (120s)
  400/1700 (153s)
  500/1700 (190s)
  600/1700 (224s)
  700/1700 (268s)
  800/1700 (306s)
  900/1700 (349s)
  1000/1700 (391s)
  1100/1700 (437s)
  1200/1700 (471s)
  1300/1700 (509s)
  1400/1700 (552s)
  1500/1700 (591s)
  1600/1700 (637s)
  1700/1700 (684s)
today     answered 188/1700 = 11.1%, right 182/188 = 96.8% [lo 0.932]
pipeline  answered 399/1700 = 23.5%, right 366/399 = 91.7% [lo 0.886]
  by path: {'pt0': '182/188', 'net-located': '168/194', 'pt0-located': '16/17'}
  gold: {'not_stated': 679, 'no': 285, 'yes': 736}
