/root/projects/zadumai/.venv/lib/python3.12/site-packages/torch/jit/_script.py:1491: FutureWarning: `torch.jit.script` is deprecated. Please switch to `torch.compile` or `torch.export`.
  warnings.warn(
Loading weights:   0%|          | 0/202 [00:00<?, ?it/s]Loading weights: 100%|██████████| 202/202 [00:00<00:00, 10701.38it/s]
23:22:41 train 38020 val 1500 base /root/projects/zadumai/legalbench_map/models/reader_net lr 1e-05 bs 16 epochs 1.0
step 0 val acc 0.8167 confusion(gold rows no/yes/none) [[43, 1, 28], [39, 188, 79], [60, 68, 994]]
step 100/2377 loss 0.5144 2.24s/step eta 85 min
step 200/2377 loss 0.4316 1.80s/step eta 65 min
step 300/2377 loss 0.4184 1.69s/step eta 58 min
step 400/2377 loss 0.4104 1.66s/step eta 55 min
step 500/2377 loss 0.4187 1.64s/step eta 51 min
Writing model shards:   0%|          | 0/1 [00:00<?, ?it/s]Writing model shards: 100%|██████████| 1/1 [00:00<00:00,  6.34it/s]Writing model shards: 100%|██████████| 1/1 [00:00<00:00,  6.32it/s]
saved /root/zadumai_nli_proto/contract_map/typed/models/ft1/checkpoints/step-500
step 600/2377 loss 0.3851 1.61s/step eta 48 min
step 700/2377 loss 0.3917 1.60s/step eta 45 min
step 800/2377 loss 0.3824 1.58s/step eta 42 min
step 800 val acc 0.8867 confusion [[37, 8, 27], [9, 245, 52], [10, 64, 1048]]
step 900/2377 loss 0.4039 1.62s/step eta 40 min
step 1000/2377 loss 0.3784 1.62s/step eta 37 min
Writing model shards:   0%|          | 0/1 [00:00<?, ?it/s]Writing model shards: 100%|██████████| 1/1 [00:00<00:00, 13.95it/s]
saved /root/zadumai_nli_proto/contract_map/typed/models/ft1/checkpoints/step-1000
step 1100/2377 loss 0.3911 1.61s/step eta 34 min
step 1200/2377 loss 0.3729 1.60s/step eta 31 min
step 1300/2377 loss 0.3739 1.59s/step eta 29 min
step 1400/2377 loss 0.3744 1.58s/step eta 26 min
step 1500/2377 loss 0.3720 1.57s/step eta 23 min
Writing model shards:   0%|          | 0/1 [00:00<?, ?it/s]Writing model shards: 100%|██████████| 1/1 [00:00<00:00, 13.18it/s]
saved /root/zadumai_nli_proto/contract_map/typed/models/ft1/checkpoints/step-1500
step 1600/2377 loss 0.3800 1.57s/step eta 20 min
step 1600 val acc 0.9013 confusion [[44, 3, 25], [9, 239, 58], [10, 43, 1069]]
step 1700/2377 loss 0.3692 1.59s/step eta 18 min
step 1800/2377 loss 0.3526 1.58s/step eta 15 min
step 1900/2377 loss 0.3680 1.58s/step eta 13 min
step 2000/2377 loss 0.3452 1.57s/step eta 10 min
Writing model shards:   0%|          | 0/1 [00:00<?, ?it/s]Writing model shards: 100%|██████████| 1/1 [00:00<00:00, 13.85it/s]
saved /root/zadumai_nli_proto/contract_map/typed/models/ft1/checkpoints/step-2000
step 2100/2377 loss 0.3288 1.57s/step eta 7 min
step 2200/2377 loss 0.3789 1.56s/step eta 5 min
step 2300/2377 loss 0.3921 1.56s/step eta 2 min
step 2377 val acc 0.9000 confusion [[45, 5, 22], [9, 247, 50], [10, 54, 1058]]
Writing model shards:   0%|          | 0/1 [00:00<?, ?it/s]Writing model shards: 100%|██████████| 1/1 [00:00<00:00, 13.75it/s]
00:24:52 done, final model in /root/zadumai_nli_proto/contract_map/typed/models/ft1
