/root/projects/zadumai/.venv/lib/python3.12/site-packages/torch/jit/_script.py:1491: FutureWarning: `torch.jit.script` is deprecated. Please switch to `torch.compile` or `torch.export`.
  warnings.warn(
Loading weights:   0%|          | 0/202 [00:00<?, ?it/s]Loading weights: 100%|██████████| 202/202 [00:00<00:00, 31876.65it/s]
  short_tune: 100/3906 (26s)
  short_tune: 200/3906 (48s)
  short_tune: 300/3906 (74s)
  short_tune: 400/3906 (96s)
  short_tune: 500/3906 (119s)
  short_tune: 600/3906 (142s)
  short_tune: 700/3906 (162s)
  short_tune: 800/3906 (183s)
  short_tune: 900/3906 (204s)
  short_tune: 1000/3906 (228s)
  short_tune: 1100/3906 (250s)
  short_tune: 1200/3906 (266s)
  short_tune: 1300/3906 (285s)
  short_tune: 1400/3906 (301s)
  short_tune: 1500/3906 (316s)
  short_tune: 1600/3906 (336s)
  short_tune: 1700/3906 (354s)
  short_tune: 1800/3906 (370s)
  short_tune: 1900/3906 (391s)
  short_tune: 2000/3906 (410s)
  short_tune: 2100/3906 (428s)
  short_tune: 2200/3906 (447s)
  short_tune: 2300/3906 (463s)
  short_tune: 2400/3906 (483s)
  short_tune: 2500/3906 (503s)
  short_tune: 2600/3906 (524s)
  short_tune: 2700/3906 (542s)
  short_tune: 2800/3906 (560s)
  short_tune: 2900/3906 (579s)
  short_tune: 3000/3906 (593s)
  short_tune: 3100/3906 (608s)
  short_tune: 3200/3906 (624s)
  short_tune: 3300/3906 (638s)
  short_tune: 3400/3906 (655s)
  short_tune: 3500/3906 (673s)
  short_tune: 3600/3906 (688s)
  short_tune: 3700/3906 (708s)
  short_tune: 3800/3906 (727s)
  short_tune: 3900/3906 (746s)
done short_tune -> /root/zadumai_nli_proto/contract_map/typed/feats/short_tune.jsonl (747s)
